// Jest Snapshot v1, https://goo.gl/fbAQLP

exports[`Pruebas en <CharacterPage/> Debe de mostrarse correctamente con valores por defecto 1`] = `
<div>
  <h1>
    Search
  </h1>
  <div
    class="row"
  >
    <div
      class="col-5"
    >
      <h4>
        Searching...
      </h4>
      <hr />
      <form
        aria-label="form"
      >
        <input
          autocomplete="off"
          class="form-control"
          name="searchText"
          placeholder="Search a character"
          type="text"
          value=""
        />
        <button
          class="btn btn-outline-primary mt-1"
        >
          Search
        </button>
      </form>
    </div>
    <div
      class="col-7"
    >
      <h4>
        Results
      </h4>
      <hr />
      <div
        class="alert alert-primary"
      >
        Search a character
      </div>
    </div>
  </div>
</div>
`;
