// Jest Snapshot v1, https://goo.gl/fbAQLP

exports[`Pruebas en <FirsApp/> Debe hacer match con el snapshot 1`] = `
<div>
  <h1
    data-testid="test-title"
  >
    Hola, soy Laysson
  </h1>
  <h2>
    No hay subtitulo
  </h2>
  <h2>
    No hay subtitulo
  </h2>
  <h3>
    LP-React
  </h3>
</div>
`;
