// Jest Snapshot v1, https://goo.gl/fbAQLP

exports[`Prueba <GifGridItem/> Debe de hacer match con el snapshot 1`] = `
<div>
  <div
    class="card"
  >
    <img
      alt="Yoasobi"
      src="https://yoasobi.com/"
    />
    <p>
      Yoasobi
    </p>
  </div>
</div>
`;
